#-----------------------------------------------------------
# Vivado v2024.2.2 (64-bit)
# SW Build 6060944 on Thu Mar 06 19:10:09 MST 2025
# IP Build 6050500 on Thu Mar  6 23:33:39 MST 2025
# SharedData Build 6060542 on Thu Mar 06 10:31:07 MST 2025
# Start of session at: Sat Mar 14 18:06:13 2026
# Process ID         : 2876914
# Current directory  : /home/jstine/Drop-In-JTAG/jtag1
# Command line       : vivado
# Log file           : /home/jstine/Drop-In-JTAG/jtag1/vivado.log
# Journal file       : /home/jstine/Drop-In-JTAG/jtag1/vivado.jou
# Running On         : mimi
# Platform           : Ubuntu
# Operating System   : Ubuntu 22.04.5 LTS
# Processor Detail   : Intel(R) Core(TM) i9-10900X CPU @ 3.70GHz
# CPU Frequency      : 1200.000 MHz
# CPU Physical cores : 10
# CPU Logical cores  : 20
# Host memory        : 24894 MB
# Swap memory        : 2147 MB
# Total Virtual      : 27041 MB
# Available Virtual  : 17900 MB
#-----------------------------------------------------------
start_gui
open_project /home/jstine/Drop-In-JTAG/jtag1/jtag1.xpr
update_compile_order -fileset sources_1
pwd
source refresh_sources.tcl
reset_run synth_1_copy_1
launch_runs synth_1_copy_1 -jobs 10
wait_on_run synth_1_copy_1
launch_runs impl_1 -jobs 10
wait_on_run impl_1
open_run impl_1
source refresh_sources.tcl
source refresh_sources.tcl
reset_run synth_1_copy_1
launch_runs synth_1_copy_1 -jobs 10
wait_on_run synth_1_copy_1
launch_runs impl_1 -jobs 10
wait_on_run impl_1
launch_runs impl_1 -to_step write_bitstream -jobs 10
wait_on_run impl_1
refresh_design
